
R version 3.6.1 (2019-07-05) -- "Action of the Toes"
Copyright (C) 2019 The R Foundation for Statistical Computing
Platform: x86_64-apple-darwin15.6.0 (64-bit)

R is free software and comes with ABSOLUTELY NO WARRANTY.
You are welcome to redistribute it under certain conditions.
Type 'license()' or 'licence()' for distribution details.

  Natural language support but running in an English locale

R is a collaborative project with many contributors.
Type 'contributors()' for more information and
'citation()' on how to cite R or R packages in publications.

Type 'demo()' for some demos, 'help()' for on-line help, or
'help.start()' for an HTML browser interface to help.
Type 'q()' to quit R.

> pkgname <- "moma"
> source(file.path(R.home("share"), "R", "examples-header.R"))
> options(warn = 1)
> base::assign(".ExTimings", "moma-Ex.timings", pos = 'CheckExEnv')
> base::cat("name\tuser\tsystem\telapsed\n", file=base::get(".ExTimings", pos = 'CheckExEnv'))
> base::assign(".format_ptime",
+ function(x) {
+   if(!is.na(x[4L])) x[1L] <- x[1L] + x[4L]
+   if(!is.na(x[5L])) x[2L] <- x[2L] + x[5L]
+   options(OutDec = '.')
+   format(x[1L:3L], digits = 7L)
+ },
+ pos = 'CheckExEnv')
> 
> ### * </HEADER>
> library('moma')
> 
> base::assign(".oldSearch", base::search(), pos = 'CheckExEnv')
> base::assign(".old_wd", base::getwd(), pos = 'CheckExEnv')
> cleanEx()
> nameEx("aREA.enrich")
> ### * aREA.enrich
> 
> flush(stderr()); flush(stdout())
> 
> base::assign(".ptime", proc.time(), pos = "CheckExEnv")
> ### Name: aREA.enrich
> ### Title: aREA.enrich Compute aREA enrichment between all pairwise
> ###   combinations of VIPER proteins and gene-level events
> ### Aliases: aREA.enrich
> 
> ### ** Examples
> 
> nes <- aREA.enrich(moma$gbm.example[['rawsnp']], moma$gbm.example[['vipermat']])
Error in aREA.enrich(moma$gbm.example[["rawsnp"]], moma$gbm.example[["vipermat"]]) : 
  could not find function "aREA.enrich"
Execution halted
